error: unused `Result` that must be used
  --> $DIR/must_use-result-unit-uninhabited.rs:48:5
   |
LL |     f1();
   |     ^^^^
   |
   = note: this `Result` may be an `Err` variant, which should be handled
note: the lint level is defined here
  --> $DIR/must_use-result-unit-uninhabited.rs:4:9
   |
LL | #![deny(unused_must_use)]
   |         ^^^^^^^^^^^^^^^
help: use `let _ = ...` to ignore the resulting value
   |
LL |     let _ = f1();
   |     +++++++

error: unused `Result` that must be used
  --> $DIR/must_use-result-unit-uninhabited.rs:52:5
   |
LL |     f5();
   |     ^^^^
   |
   = note: this `Result` may be an `Err` variant, which should be handled
help: use `let _ = ...` to ignore the resulting value
   |
LL |     let _ = f5();
   |     +++++++

error: unused `Result` that must be used
  --> $DIR/must_use-result-unit-uninhabited.rs:54:5
   |
LL |     f6(S2);
   |     ^^^^^^
   |
   = note: this `Result` may be an `Err` variant, which should be handled
help: use `let _ = ...` to ignore the resulting value
   |
LL |     let _ = f6(S2);
   |     +++++++

error: aborting due to 3 previous errors

