error[E0408]: variable `Ban` is not bound in all patterns
  --> $DIR/binding-typo-2.rs:14:9
   |
LL |         (Foo, Bar) | (Ban, Foo) => {}
   |         ^^^^^^^^^^    --- variable not in all patterns
   |         |
   |         pattern doesn't bind `Ban`
   |
help: you might have meant to use the similarly named previously used binding `Bar`
   |
LL -         (Foo, Bar) | (Ban, Foo) => {}
LL +         (Foo, Bar) | (Bar, Foo) => {}
   |

error[E0408]: variable `Ban` is not bound in all patterns
  --> $DIR/binding-typo-2.rs:25:9
   |
LL |         (Foo, _) | (Ban, Foo) => {}
   |         ^^^^^^^^    --- variable not in all patterns
   |         |
   |         pattern doesn't bind `Ban`
   |
help: you might have meant to use the similarly named unit variant `Bar`
   |
LL -         (Foo, _) | (Ban, Foo) => {}
LL +         (Foo, _) | (Bar, Foo) => {}
   |

error[E0408]: variable `Non` is not bound in all patterns
  --> $DIR/binding-typo-2.rs:44:15
   |
LL |         Non | None => {}
   |         ---   ^^^^ pattern doesn't bind `Non`
   |         |
   |         variable not in all patterns
   |
help: you might have meant to use the similarly named unit variant `None`
   |
LL -         Non | None => {}
LL +         core::option::Option::None | None => {}
   |

error[E0408]: variable `Non` is not bound in all patterns
  --> $DIR/binding-typo-2.rs:54:15
   |
LL |         Non | Some(_) => {}
   |         ---   ^^^^^^^ pattern doesn't bind `Non`
   |         |
   |         variable not in all patterns
   |
help: you might have meant to use the similarly named unit variant `None`
   |
LL -         Non | Some(_) => {}
LL +         core::option::Option::None | Some(_) => {}
   |

error[E0408]: variable `Ban` is not bound in all patterns
  --> $DIR/binding-typo-2.rs:69:9
   |
LL |         (Foo, _) | (Ban, Foo) => {}
   |         ^^^^^^^^    --- variable not in all patterns
   |         |
   |         pattern doesn't bind `Ban`
   |
help: you might have meant to use the similarly named unit variant `Bar`
   |
LL -         (Foo, _) | (Ban, Foo) => {}
LL +         (Foo, _) | (Bar, Foo) => {}
   |
help: you might have meant to use the similarly named unit struct `Bay`
   |
LL -         (Foo, _) | (Ban, Foo) => {}
LL +         (Foo, _) | (Bay, Foo) => {}
   |
help: you might have meant to use the similarly named constant `Bat`
   |
LL -         (Foo, _) | (Ban, Foo) => {}
LL +         (Foo, _) | (Bat, Foo) => {}
   |

error[E0408]: variable `Ban` is not bound in all patterns
  --> $DIR/binding-typo-2.rs:86:9
   |
LL |         (Foo, _) | (Ban, Foo) => {}
   |         ^^^^^^^^    --- variable not in all patterns
   |         |
   |         pattern doesn't bind `Ban`
   |
help: you might have meant to use the similarly named unit variant `Bar`
   |
LL -         (Foo, _) | (Ban, Foo) => {}
LL +         (Foo, _) | (Bar, Foo) => {}
   |
help: you might have meant to use the similarly named constant `Bat`
   |
LL -         (Foo, _) | (Ban, Foo) => {}
LL +         (Foo, _) | (Bat, Foo) => {}
   |

error: unused variable: `Ban`
  --> $DIR/binding-typo-2.rs:14:23
   |
LL |         (Foo, Bar) | (Ban, Foo) => {}
   |                       ^^^ help: if this is intentional, prefix it with an underscore: `_Ban`
   |
note: the lint level is defined here
  --> $DIR/binding-typo-2.rs:2:9
   |
LL | #![deny(unused_variables)]
   |         ^^^^^^^^^^^^^^^^

error: unused variable: `Ban`
  --> $DIR/binding-typo-2.rs:25:21
   |
LL |         (Foo, _) | (Ban, Foo) => {}
   |                     ^^^ help: if this is intentional, prefix it with an underscore: `_Ban`

error: unused variable: `Non`
  --> $DIR/binding-typo-2.rs:37:9
   |
LL |         Non => {}
   |         ^^^ help: if this is intentional, prefix it with an underscore: `_Non`

error: unused variable: `Non`
  --> $DIR/binding-typo-2.rs:44:9
   |
LL |         Non | None => {}
   |         ^^^ help: if this is intentional, prefix it with an underscore: `_Non`

error: unused variable: `Non`
  --> $DIR/binding-typo-2.rs:54:9
   |
LL |         Non | Some(_) => {}
   |         ^^^ help: if this is intentional, prefix it with an underscore: `_Non`

error: unused variable: `Ban`
  --> $DIR/binding-typo-2.rs:69:21
   |
LL |         (Foo, _) | (Ban, Foo) => {}
   |                     ^^^ help: if this is intentional, prefix it with an underscore: `_Ban`

error: unused variable: `Ban`
  --> $DIR/binding-typo-2.rs:86:21
   |
LL |         (Foo, _) | (Ban, Foo) => {}
   |                     ^^^ help: if this is intentional, prefix it with an underscore: `_Ban`

error: unused variable: `Ban`
  --> $DIR/binding-typo-2.rs:98:10
   |
LL |         (Ban, _) => {}
   |          ^^^ help: if this is intentional, prefix it with an underscore: `_Ban`

error: unused variable: `Ban`
  --> $DIR/binding-typo-2.rs:104:9
   |
LL |         Ban => {}
   |         ^^^ help: if this is intentional, prefix it with an underscore: `_Ban`

error: unused variable: `Batery`
  --> $DIR/binding-typo-2.rs:110:9
   |
LL |         Batery => {}
   |         ^^^^^^ help: if this is intentional, prefix it with an underscore: `_Batery`

error: aborting due to 16 previous errors

For more information about this error, try `rustc --explain E0408`.
